// Jest Snapshot v1, https://goo.gl/fbAQLP

exports[`.sum(1, 2) returns 3 1`] = `3`;

exports[`.sum(1, 4) returns 5 1`] = `5`;

exports[`.sum(2, 6) returns 8 1`] = `8`;
